Build started 9/9/2026 11:04:59 AM.
Project "D:\Program\IND_NGSORTER\NGSORTER.cbproj" on node 0 (Build target(s)).
  Creating directory "tmp\DoorDrawing20260909\debug-obj\".
  Creating directory "tmp\DoorDrawing20260909\debug-bin\".
FormMain.cpp(3967): warning W8018: Assigning Sequence to Tgripper::Sequence in function _fastcall TMainForm::AdvSmoothToggleButton_InitWorkClick(TObject *)
ModGripper.cpp(378): warning W8070: Function should return a value in function _fastcall Tgripper::GetZoneCode(int,AnsiString)
ModGripper.cpp(609): warning W8004: 'bcheck' is assigned a value that is never used in function _fastcall Tgripper::Initialize()
ModGripper.cpp(702): warning W8004: 'bfind' is assigned a value that is never used in function _fastcall Tgripper::Sorting()
ModGripper.cpp(702): warning W8004: 'div2' is assigned a value that is never used in function _fastcall Tgripper::Sorting()
ModGripper.cpp(702): warning W8004: 'div1' is assigned a value that is never used in function _fastcall Tgripper::Sorting()
ModGripper.cpp(702): warning W8004: 'pos2' is assigned a value that is never used in function _fastcall Tgripper::Sorting()
ModGripper.cpp(1028): warning W8004: 'div2' is assigned a value that is never used in function _fastcall Tgripper::Inserting()
ModGripper.cpp(1028): warning W8004: 'div1' is assigned a value that is never used in function _fastcall Tgripper::Inserting()
ModGripper.cpp(1028): warning W8004: 'pos2' is assigned a value that is never used in function _fastcall Tgripper::Inserting()
Modmes.cpp(152): warning W8004: 'a' is assigned a value that is never used in function __stdcall TxThread(void *)
BuildVersionResource:
  CodeGear Resource Compiler/Binder
  Version 1.2.2 Copyright (c) 2008-2012 Embarcadero Technologies Inc.
  
  Microsoft (R) Windows (R) Resource Compiler Version 6.0.5724.0
  
  Copyright (C) Microsoft Corporation.  All rights reserved.
  
  
  Deleting file "NGSORTER.vrc".
  Deleting file "NGSORTER.$manifest".
_RcCoreCompile:
  Borland Resource Compiler  Version 5.40
  Copyright (c) 1990, 1999 Inprise Corporation.  All rights reserved.
Done Building Project "D:\Program\IND_NGSORTER\NGSORTER.cbproj" (Build target(s)).

Build succeeded.

"D:\Program\IND_NGSORTER\NGSORTER.cbproj" (Build target) (1) ->
(_BCC32CoreCompile target) -> 
  FormMain.cpp(3967): warning W8018: Assigning Sequence to Tgripper::Sequence in function _fastcall TMainForm::AdvSmoothToggleButton_InitWorkClick(TObject *)
  ModGripper.cpp(378): warning W8070: Function should return a value in function _fastcall Tgripper::GetZoneCode(int,AnsiString)
  ModGripper.cpp(609): warning W8004: 'bcheck' is assigned a value that is never used in function _fastcall Tgripper::Initialize()
  ModGripper.cpp(702): warning W8004: 'bfind' is assigned a value that is never used in function _fastcall Tgripper::Sorting()
  ModGripper.cpp(702): warning W8004: 'div2' is assigned a value that is never used in function _fastcall Tgripper::Sorting()
  ModGripper.cpp(702): warning W8004: 'div1' is assigned a value that is never used in function _fastcall Tgripper::Sorting()
  ModGripper.cpp(702): warning W8004: 'pos2' is assigned a value that is never used in function _fastcall Tgripper::Sorting()
  ModGripper.cpp(1028): warning W8004: 'div2' is assigned a value that is never used in function _fastcall Tgripper::Inserting()
  ModGripper.cpp(1028): warning W8004: 'div1' is assigned a value that is never used in function _fastcall Tgripper::Inserting()
  ModGripper.cpp(1028): warning W8004: 'pos2' is assigned a value that is never used in function _fastcall Tgripper::Inserting()
  Modmes.cpp(152): warning W8004: 'a' is assigned a value that is never used in function __stdcall TxThread(void *)

    11 Warning(s)
    0 Error(s)

Time Elapsed 00:00:18.94
