Build started 9/10/2026 5:06:00 PM.
Project "D:\Program\IND_NGSORTER\NGSORTER.cbproj" on node 0 (Build target(s)).
FormError_eject.cpp(154): warning W8004: 'map' is assigned a value that is never used in function _fastcall TErrorForm_eject::btnMoveTargetClick(TObject *)
FormError_insert.cpp(114): warning W8004: 'map' is assigned a value that is never used in function _fastcall TErrorForm_insert::btnMoveSourceClick(TObject *)
FormMain.cpp(3732): warning W8004: 'nch' is assigned a value that is never used in function _fastcall TMainForm::zone1Click(TObject *)
FormMain.cpp(3986): warning W8018: Assigning Sequence to Tgripper::Sequence in function _fastcall TMainForm::AdvSmoothToggleButton_InitWorkClick(TObject *)
FormTeaching.cpp(91): warning W8004: 'ty' is assigned a value that is never used in function _fastcall TteachForm::MakePanel()
FormTeaching.cpp(91): warning W8004: 'tx' is assigned a value that is never used in function _fastcall TteachForm::MakePanel()
FormTeaching.cpp(91): warning W8004: 'sy' is assigned a value that is never used in function _fastcall TteachForm::MakePanel()
FormTeaching.cpp(91): warning W8004: 'sx' is assigned a value that is never used in function _fastcall TteachForm::MakePanel()
ModGripper.cpp(378): warning W8070: Function should return a value in function _fastcall Tgripper::GetZoneCode(int,AnsiString)
ModGripper.cpp(609): warning W8004: 'bcheck' is assigned a value that is never used in function _fastcall Tgripper::Initialize()
ModGripper.cpp(385): warning W8004: 'repeatCheck' is assigned a value that is never used in function _fastcall Tgripper::Initialize()
ModGripper.cpp(702): warning W8004: 'bfind' is assigned a value that is never used in function _fastcall Tgripper::Sorting()
ModGripper.cpp(702): warning W8004: 'div2' is assigned a value that is never used in function _fastcall Tgripper::Sorting()
ModGripper.cpp(702): warning W8004: 'div1' is assigned a value that is never used in function _fastcall Tgripper::Sorting()
ModGripper.cpp(702): warning W8004: 'pos2' is assigned a value that is never used in function _fastcall Tgripper::Sorting()
ModGripper.cpp(613): warning W8004: 'pos1' is assigned a value that is never used in function _fastcall Tgripper::Sorting()
ModGripper.cpp(1028): warning W8004: 'div2' is assigned a value that is never used in function _fastcall Tgripper::Inserting()
ModGripper.cpp(1028): warning W8004: 'div1' is assigned a value that is never used in function _fastcall Tgripper::Inserting()
ModGripper.cpp(1028): warning W8004: 'pos2' is assigned a value that is never used in function _fastcall Tgripper::Inserting()
ModGripper.cpp(814): warning W8004: 'pos1' is assigned a value that is never used in function _fastcall Tgripper::Inserting()
ModGripper.cpp(1051): warning W8004: 'bresult' is assigned a value that is never used in function _fastcall Tgripper::getReadyStatus()
Modmes.cpp(152): warning W8004: 'a' is assigned a value that is never used in function __stdcall TxThread(void *)
ModRobostar.cpp(660): warning W8004: 'sts' is assigned a value that is never used in function _fastcall Trobostar::Init()
ModRobostar.cpp(771): warning W8004: 'sts' is assigned a value that is never used in function _fastcall Trobostar::Home()
ModRobostar.cpp(824): warning W8004: 'sts' is assigned a value that is never used in function _fastcall Trobostar::ServoOn()
ModRobostar.cpp(860): warning W8004: 'sts' is assigned a value that is never used in function _fastcall Trobostar::ServoOff()
ModRobostar.cpp(919): warning W8004: 'sts' is assigned a value that is never used in function _fastcall Trobostar::MoveJog(int)
ModRobostar.cpp(982): warning W8004: 'sts' is assigned a value that is never used in function _fastcall Trobostar::Reset()
ModRobostar.cpp(2092): warning W8004: 'sts' is assigned a value that is never used in function _fastcall Trobostar::req_Stop()
ModRobostar.cpp(2193): warning W8004: 'sts' is assigned a value that is never used in function _fastcall Trobostar::EmgAutoRun()
ModRobostar.cpp(2279): warning W8004: 'sts' is assigned a value that is never used in function _fastcall Trobostar::AutoRun()
ModPLC_Bin.cpp(414): warning W8004: 'value' is assigned a value that is never used in function _fastcall TPlcBin::GetData(unsigned char ( *)[2],int,int)
ModPLC_Bin.cpp(425): warning W8004: 'value' is assigned a value that is never used in function _fastcall TPlcBin::GetDouble(unsigned char ( *)[2],int)
SmokeDetector_comm.cpp(329): warning W8004: 'expectedLen' is assigned a value that is never used in function _fastcall TSmokeDetector::CommRxFlag(TObject *)
ModMes_Gateway.cpp(521): warning W8004: 'PcTagCount' is assigned a value that is never used in function _fastcall TMod_Fms::TcpServerExecute(TIdContext *)
ModMes_Gateway.cpp(520): warning W8004: 'FmsTagCount' is assigned a value that is never used in function _fastcall TMod_Fms::TcpServerExecute(TIdContext *)
ModMes_Gateway.cpp(498): warning W8004: 'sendPending' is assigned a value that is never used in function _fastcall TMod_Fms::TcpServerExecute(TIdContext *)
ModMes_OPCUA.cpp(1187): warning W8004: 'DisplayCellCount' is assigned a value that is never used in function _fastcall TMesOpc::TRAY_LOAD_RESPONSE(bool)
BuildVersionResource:
  CodeGear Resource Compiler/Binder
  Version 1.2.2 Copyright (c) 2008-2012 Embarcadero Technologies Inc.
  
  Microsoft (R) Windows (R) Resource Compiler Version 6.0.5724.0
  
  Copyright (C) Microsoft Corporation.  All rights reserved.
  
  
  Deleting file "NGSORTER.vrc".
  Deleting file "NGSORTER.$manifest".
_RcCoreCompile:
  Borland Resource Compiler  Version 5.40
  Copyright (c) 1990, 1999 Inprise Corporation.  All rights reserved.
Done Building Project "D:\Program\IND_NGSORTER\NGSORTER.cbproj" (Build target(s)).

Build succeeded.

"D:\Program\IND_NGSORTER\NGSORTER.cbproj" (Build target) (1) ->
(_BCC32CoreCompile target) -> 
  FormError_eject.cpp(154): warning W8004: 'map' is assigned a value that is never used in function _fastcall TErrorForm_eject::btnMoveTargetClick(TObject *)
  FormError_insert.cpp(114): warning W8004: 'map' is assigned a value that is never used in function _fastcall TErrorForm_insert::btnMoveSourceClick(TObject *)
  FormMain.cpp(3732): warning W8004: 'nch' is assigned a value that is never used in function _fastcall TMainForm::zone1Click(TObject *)
  FormMain.cpp(3986): warning W8018: Assigning Sequence to Tgripper::Sequence in function _fastcall TMainForm::AdvSmoothToggleButton_InitWorkClick(TObject *)
  FormTeaching.cpp(91): warning W8004: 'ty' is assigned a value that is never used in function _fastcall TteachForm::MakePanel()
  FormTeaching.cpp(91): warning W8004: 'tx' is assigned a value that is never used in function _fastcall TteachForm::MakePanel()
  FormTeaching.cpp(91): warning W8004: 'sy' is assigned a value that is never used in function _fastcall TteachForm::MakePanel()
  FormTeaching.cpp(91): warning W8004: 'sx' is assigned a value that is never used in function _fastcall TteachForm::MakePanel()
  ModGripper.cpp(378): warning W8070: Function should return a value in function _fastcall Tgripper::GetZoneCode(int,AnsiString)
  ModGripper.cpp(609): warning W8004: 'bcheck' is assigned a value that is never used in function _fastcall Tgripper::Initialize()
  ModGripper.cpp(385): warning W8004: 'repeatCheck' is assigned a value that is never used in function _fastcall Tgripper::Initialize()
  ModGripper.cpp(702): warning W8004: 'bfind' is assigned a value that is never used in function _fastcall Tgripper::Sorting()
  ModGripper.cpp(702): warning W8004: 'div2' is assigned a value that is never used in function _fastcall Tgripper::Sorting()
  ModGripper.cpp(702): warning W8004: 'div1' is assigned a value that is never used in function _fastcall Tgripper::Sorting()
  ModGripper.cpp(702): warning W8004: 'pos2' is assigned a value that is never used in function _fastcall Tgripper::Sorting()
  ModGripper.cpp(613): warning W8004: 'pos1' is assigned a value that is never used in function _fastcall Tgripper::Sorting()
  ModGripper.cpp(1028): warning W8004: 'div2' is assigned a value that is never used in function _fastcall Tgripper::Inserting()
  ModGripper.cpp(1028): warning W8004: 'div1' is assigned a value that is never used in function _fastcall Tgripper::Inserting()
  ModGripper.cpp(1028): warning W8004: 'pos2' is assigned a value that is never used in function _fastcall Tgripper::Inserting()
  ModGripper.cpp(814): warning W8004: 'pos1' is assigned a value that is never used in function _fastcall Tgripper::Inserting()
  ModGripper.cpp(1051): warning W8004: 'bresult' is assigned a value that is never used in function _fastcall Tgripper::getReadyStatus()
  Modmes.cpp(152): warning W8004: 'a' is assigned a value that is never used in function __stdcall TxThread(void *)
  ModRobostar.cpp(660): warning W8004: 'sts' is assigned a value that is never used in function _fastcall Trobostar::Init()
  ModRobostar.cpp(771): warning W8004: 'sts' is assigned a value that is never used in function _fastcall Trobostar::Home()
  ModRobostar.cpp(824): warning W8004: 'sts' is assigned a value that is never used in function _fastcall Trobostar::ServoOn()
  ModRobostar.cpp(860): warning W8004: 'sts' is assigned a value that is never used in function _fastcall Trobostar::ServoOff()
  ModRobostar.cpp(919): warning W8004: 'sts' is assigned a value that is never used in function _fastcall Trobostar::MoveJog(int)
  ModRobostar.cpp(982): warning W8004: 'sts' is assigned a value that is never used in function _fastcall Trobostar::Reset()
  ModRobostar.cpp(2092): warning W8004: 'sts' is assigned a value that is never used in function _fastcall Trobostar::req_Stop()
  ModRobostar.cpp(2193): warning W8004: 'sts' is assigned a value that is never used in function _fastcall Trobostar::EmgAutoRun()
  ModRobostar.cpp(2279): warning W8004: 'sts' is assigned a value that is never used in function _fastcall Trobostar::AutoRun()
  ModPLC_Bin.cpp(414): warning W8004: 'value' is assigned a value that is never used in function _fastcall TPlcBin::GetData(unsigned char ( *)[2],int,int)
  ModPLC_Bin.cpp(425): warning W8004: 'value' is assigned a value that is never used in function _fastcall TPlcBin::GetDouble(unsigned char ( *)[2],int)
  SmokeDetector_comm.cpp(329): warning W8004: 'expectedLen' is assigned a value that is never used in function _fastcall TSmokeDetector::CommRxFlag(TObject *)
  ModMes_Gateway.cpp(521): warning W8004: 'PcTagCount' is assigned a value that is never used in function _fastcall TMod_Fms::TcpServerExecute(TIdContext *)
  ModMes_Gateway.cpp(520): warning W8004: 'FmsTagCount' is assigned a value that is never used in function _fastcall TMod_Fms::TcpServerExecute(TIdContext *)
  ModMes_Gateway.cpp(498): warning W8004: 'sendPending' is assigned a value that is never used in function _fastcall TMod_Fms::TcpServerExecute(TIdContext *)
  ModMes_OPCUA.cpp(1187): warning W8004: 'DisplayCellCount' is assigned a value that is never used in function _fastcall TMesOpc::TRAY_LOAD_RESPONSE(bool)

    38 Warning(s)
    0 Error(s)

Time Elapsed 00:00:16.73
